Archive member included because of file (symbol)

f:/my diploma/01- embedded systems avr tools/01- imt sdk/imt_sdk_win_64/winavr/bin/../lib/gcc/avr/4.3.3/avr5\libgcc.a(_udivmodhi4.o)
                              ./MCAL/PWM0_program.o (__udivmodhi4)
f:/my diploma/01- embedded systems avr tools/01- imt sdk/imt_sdk_win_64/winavr/bin/../lib/gcc/avr/4.3.3/avr5\libgcc.a(_exit.o)
                              f:/my diploma/01- embedded systems avr tools/01- imt sdk/imt_sdk_win_64/winavr/bin/../lib/gcc/avr/4.3.3/../../../../avr/lib/avr5/crtm32.o (exit)
f:/my diploma/01- embedded systems avr tools/01- imt sdk/imt_sdk_win_64/winavr/bin/../lib/gcc/avr/4.3.3/avr5\libgcc.a(_copy_data.o)
                              ./APP/grade_project_version_with_functions.o (__do_copy_data)
f:/my diploma/01- embedded systems avr tools/01- imt sdk/imt_sdk_win_64/winavr/bin/../lib/gcc/avr/4.3.3/avr5\libgcc.a(_clear_bss.o)
                              ./MCAL/icu.o (__do_clear_bss)
f:/my diploma/01- embedded systems avr tools/01- imt sdk/imt_sdk_win_64/winavr/bin/../lib/gcc/avr/4.3.3/avr5\libgcc.a(_fixunssfsi.o)
                              ./HAL/ultra_sonic.o (__fixunssfsi)
f:/my diploma/01- embedded systems avr tools/01- imt sdk/imt_sdk_win_64/winavr/bin/../lib/gcc/avr/4.3.3/avr5\libgcc.a(_addsub_sf.o)
                              f:/my diploma/01- embedded systems avr tools/01- imt sdk/imt_sdk_win_64/winavr/bin/../lib/gcc/avr/4.3.3/avr5\libgcc.a(_fixunssfsi.o) (__subsf3)
f:/my diploma/01- embedded systems avr tools/01- imt sdk/imt_sdk_win_64/winavr/bin/../lib/gcc/avr/4.3.3/avr5\libgcc.a(_mul_sf.o)
                              ./HAL/ultra_sonic.o (__mulsf3)
f:/my diploma/01- embedded systems avr tools/01- imt sdk/imt_sdk_win_64/winavr/bin/../lib/gcc/avr/4.3.3/avr5\libgcc.a(_div_sf.o)
                              ./HAL/ultra_sonic.o (__divsf3)
f:/my diploma/01- embedded systems avr tools/01- imt sdk/imt_sdk_win_64/winavr/bin/../lib/gcc/avr/4.3.3/avr5\libgcc.a(_gt_sf.o)
                              ./HAL/ultra_sonic.o (__gtsf2)
f:/my diploma/01- embedded systems avr tools/01- imt sdk/imt_sdk_win_64/winavr/bin/../lib/gcc/avr/4.3.3/avr5\libgcc.a(_ge_sf.o)
                              f:/my diploma/01- embedded systems avr tools/01- imt sdk/imt_sdk_win_64/winavr/bin/../lib/gcc/avr/4.3.3/avr5\libgcc.a(_fixunssfsi.o) (__gesf2)
f:/my diploma/01- embedded systems avr tools/01- imt sdk/imt_sdk_win_64/winavr/bin/../lib/gcc/avr/4.3.3/avr5\libgcc.a(_lt_sf.o)
                              ./HAL/ultra_sonic.o (__ltsf2)
f:/my diploma/01- embedded systems avr tools/01- imt sdk/imt_sdk_win_64/winavr/bin/../lib/gcc/avr/4.3.3/avr5\libgcc.a(_sf_to_si.o)
                              f:/my diploma/01- embedded systems avr tools/01- imt sdk/imt_sdk_win_64/winavr/bin/../lib/gcc/avr/4.3.3/avr5\libgcc.a(_fixunssfsi.o) (__fixsfsi)
f:/my diploma/01- embedded systems avr tools/01- imt sdk/imt_sdk_win_64/winavr/bin/../lib/gcc/avr/4.3.3/avr5\libgcc.a(_thenan_sf.o)
                              f:/my diploma/01- embedded systems avr tools/01- imt sdk/imt_sdk_win_64/winavr/bin/../lib/gcc/avr/4.3.3/avr5\libgcc.a(_addsub_sf.o) (__thenan_sf)
f:/my diploma/01- embedded systems avr tools/01- imt sdk/imt_sdk_win_64/winavr/bin/../lib/gcc/avr/4.3.3/avr5\libgcc.a(_usi_to_sf.o)
                              ./HAL/ultra_sonic.o (__floatunsisf)
f:/my diploma/01- embedded systems avr tools/01- imt sdk/imt_sdk_win_64/winavr/bin/../lib/gcc/avr/4.3.3/avr5\libgcc.a(_prologue.o)
                              f:/my diploma/01- embedded systems avr tools/01- imt sdk/imt_sdk_win_64/winavr/bin/../lib/gcc/avr/4.3.3/avr5\libgcc.a(_addsub_sf.o) (__prologue_saves__)
f:/my diploma/01- embedded systems avr tools/01- imt sdk/imt_sdk_win_64/winavr/bin/../lib/gcc/avr/4.3.3/avr5\libgcc.a(_epilogue.o)
                              f:/my diploma/01- embedded systems avr tools/01- imt sdk/imt_sdk_win_64/winavr/bin/../lib/gcc/avr/4.3.3/avr5\libgcc.a(_addsub_sf.o) (__epilogue_restores__)
f:/my diploma/01- embedded systems avr tools/01- imt sdk/imt_sdk_win_64/winavr/bin/../lib/gcc/avr/4.3.3/avr5\libgcc.a(_clzsi2.o)
                              f:/my diploma/01- embedded systems avr tools/01- imt sdk/imt_sdk_win_64/winavr/bin/../lib/gcc/avr/4.3.3/avr5\libgcc.a(_usi_to_sf.o) (__clzsi2)
f:/my diploma/01- embedded systems avr tools/01- imt sdk/imt_sdk_win_64/winavr/bin/../lib/gcc/avr/4.3.3/avr5\libgcc.a(_pack_sf.o)
                              f:/my diploma/01- embedded systems avr tools/01- imt sdk/imt_sdk_win_64/winavr/bin/../lib/gcc/avr/4.3.3/avr5\libgcc.a(_addsub_sf.o) (__pack_f)
f:/my diploma/01- embedded systems avr tools/01- imt sdk/imt_sdk_win_64/winavr/bin/../lib/gcc/avr/4.3.3/avr5\libgcc.a(_unpack_sf.o)
                              f:/my diploma/01- embedded systems avr tools/01- imt sdk/imt_sdk_win_64/winavr/bin/../lib/gcc/avr/4.3.3/avr5\libgcc.a(_addsub_sf.o) (__unpack_f)
f:/my diploma/01- embedded systems avr tools/01- imt sdk/imt_sdk_win_64/winavr/bin/../lib/gcc/avr/4.3.3/avr5\libgcc.a(_fpcmp_parts_sf.o)
                              f:/my diploma/01- embedded systems avr tools/01- imt sdk/imt_sdk_win_64/winavr/bin/../lib/gcc/avr/4.3.3/avr5\libgcc.a(_gt_sf.o) (__fpcmp_parts_f)
f:/my diploma/01- embedded systems avr tools/01- imt sdk/imt_sdk_win_64/winavr/bin/../lib/gcc/avr/4.3.3/avr5\libgcc.a(_clz.o)
                              f:/my diploma/01- embedded systems avr tools/01- imt sdk/imt_sdk_win_64/winavr/bin/../lib/gcc/avr/4.3.3/avr5\libgcc.a(_clzsi2.o) (__clz_tab)

Allocating common symbols
Common symbol       size              file

time_of_fourth_move_of_parallel_parking
                    0x4               ./APP/grade_project_version_with_functions.o
TimeForParking      0x2               ./APP/grade_project_version_with_functions.o
time_of_first_move_of_parallel_parking
                    0x4               ./APP/grade_project_version_with_functions.o
Distance_Away       0x2               ./APP/grade_project_version_with_functions.o
time_of_second_move_of_parallel_exit
                    0x4               ./APP/grade_project_version_with_functions.o
time_of_lengh_of_car
                    0x2               ./APP/grade_project_version_with_functions.o
Ultra_Front_Dis1    0x2               ./APP/grade_project_version_with_functions.o
time_of_move_back_perpindicular_exit_count7
                    0x4               ./APP/grade_project_version_with_functions.o
TimeToCheckParking  0x2               ./APP/grade_project_version_with_functions.o
time_of_move_back_perpindicular_park_count5
                    0x4               ./APP/grade_project_version_with_functions.o
time_of_extra_space_for_parking_after_check
                    0x4               ./APP/grade_project_version_with_functions.o
time_of_third_move_of_parallel_parking
                    0x4               ./APP/grade_project_version_with_functions.o
time_of_second_move_of_parallel_parking
                    0x4               ./APP/grade_project_version_with_functions.o
count               0x1               ./APP/grade_project_version_with_functions.o
DistanceForParking  0x2               ./APP/grade_project_version_with_functions.o
time_of_move_back_parallel_exit
                    0x4               ./APP/grade_project_version_with_functions.o
timedMoveBack       0x2               ./APP/grade_project_version_with_functions.o
Ultra_Right_Dis3    0x2               ./APP/grade_project_version_with_functions.o
time_of_first_move_of_parallel_exit
                    0x4               ./APP/grade_project_version_with_functions.o
Ultra_Back_Dis2     0x2               ./APP/grade_project_version_with_functions.o
time_of_move_perpindicular_park
                    0x4               ./APP/grade_project_version_with_functions.o
time_of_move_back_perpindicular_park_count6
                    0x4               ./APP/grade_project_version_with_functions.o

Memory Configuration

Name             Origin             Length             Attributes
text             0x00000000         0x00020000         xr
data             0x00800060         0x0000ffa0         rw !x
eeprom           0x00810000         0x00010000         rw !x
fuse             0x00820000         0x00000400         rw !x
lock             0x00830000         0x00000400         rw !x
signature        0x00840000         0x00000400         rw !x
*default*        0x00000000         0xffffffff

Linker script and memory map

LOAD f:/my diploma/01- embedded systems avr tools/01- imt sdk/imt_sdk_win_64/winavr/bin/../lib/gcc/avr/4.3.3/../../../../avr/lib/avr5/crtm32.o
LOAD ./MCAL/DIO_program.o
LOAD ./MCAL/GIE_program.o
LOAD ./MCAL/PWM0_program.o
LOAD ./MCAL/PWM_program.o
LOAD ./MCAL/UART_program.o
LOAD ./MCAL/icu.o
LOAD ./HAL/DC_MOTOR_Program.o
LOAD ./HAL/servo_motor_3.o
LOAD ./HAL/ultra_sonic.o
LOAD ./APP/grade_project_version_with_functions.o
LOAD f:/my diploma/01- embedded systems avr tools/01- imt sdk/imt_sdk_win_64/winavr/bin/../lib/gcc/avr/4.3.3/avr5\libgcc.a
LOAD f:/my diploma/01- embedded systems avr tools/01- imt sdk/imt_sdk_win_64/winavr/bin/../lib/gcc/avr/4.3.3/../../../../avr/lib/avr5\libc.a
LOAD f:/my diploma/01- embedded systems avr tools/01- imt sdk/imt_sdk_win_64/winavr/bin/../lib/gcc/avr/4.3.3/avr5\libgcc.a

.hash
 *(.hash)

.dynsym
 *(.dynsym)

.dynstr
 *(.dynstr)

.gnu.version
 *(.gnu.version)

.gnu.version_d
 *(.gnu.version_d)

.gnu.version_r
 *(.gnu.version_r)

.rel.init
 *(.rel.init)

.rela.init
 *(.rela.init)

.rel.text
 *(.rel.text)
 *(.rel.text.*)
 *(.rel.gnu.linkonce.t*)

.rela.text
 *(.rela.text)
 *(.rela.text.*)
 *(.rela.gnu.linkonce.t*)

.rel.fini
 *(.rel.fini)

.rela.fini
 *(.rela.fini)

.rel.rodata
 *(.rel.rodata)
 *(.rel.rodata.*)
 *(.rel.gnu.linkonce.r*)

.rela.rodata
 *(.rela.rodata)
 *(.rela.rodata.*)
 *(.rela.gnu.linkonce.r*)

.rel.data
 *(.rel.data)
 *(.rel.data.*)
 *(.rel.gnu.linkonce.d*)

.rela.data
 *(.rela.data)
 *(.rela.data.*)
 *(.rela.gnu.linkonce.d*)

.rel.ctors
 *(.rel.ctors)

.rela.ctors
 *(.rela.ctors)

.rel.dtors
 *(.rel.dtors)

.rela.dtors
 *(.rela.dtors)

.rel.got
 *(.rel.got)

.rela.got
 *(.rela.got)

.rel.bss
 *(.rel.bss)

.rela.bss
 *(.rela.bss)

.rel.plt
 *(.rel.plt)

.rela.plt
 *(.rela.plt)

.text           0x00000000     0x73f6
 *(.vectors)
 .vectors       0x00000000       0x54 f:/my diploma/01- embedded systems avr tools/01- imt sdk/imt_sdk_win_64/winavr/bin/../lib/gcc/avr/4.3.3/../../../../avr/lib/avr5/crtm32.o
                0x00000000                __vectors
                0x00000000                __vector_default
 *(.vectors)
 *(.progmem.gcc*)
 *(.progmem*)
                0x00000054                . = ALIGN (0x2)
                0x00000054                __trampolines_start = .
 *(.trampolines)
 .trampolines   0x00000054        0x0 linker stubs
 *(.trampolines*)
                0x00000054                __trampolines_end = .
 *(.jumptables)
 *(.jumptables*)
 *(.lowtext)
 *(.lowtext*)
                0x00000054                __ctors_start = .
 *(.ctors)
                0x00000054                __ctors_end = .
                0x00000054                __dtors_start = .
 *(.dtors)
                0x00000054                __dtors_end = .
 SORT(*)(.ctors)
 SORT(*)(.dtors)
 *(.init0)
 .init0         0x00000054        0x0 f:/my diploma/01- embedded systems avr tools/01- imt sdk/imt_sdk_win_64/winavr/bin/../lib/gcc/avr/4.3.3/../../../../avr/lib/avr5/crtm32.o
                0x00000054                __init
 *(.init0)
 *(.init1)
 *(.init1)
 *(.init2)
 .init2         0x00000054        0xc f:/my diploma/01- embedded systems avr tools/01- imt sdk/imt_sdk_win_64/winavr/bin/../lib/gcc/avr/4.3.3/../../../../avr/lib/avr5/crtm32.o
 *(.init2)
 *(.init3)
 *(.init3)
 *(.init4)
 .init4         0x00000060       0x16 f:/my diploma/01- embedded systems avr tools/01- imt sdk/imt_sdk_win_64/winavr/bin/../lib/gcc/avr/4.3.3/avr5\libgcc.a(_copy_data.o)
                0x00000060                __do_copy_data
 .init4         0x00000076       0x10 f:/my diploma/01- embedded systems avr tools/01- imt sdk/imt_sdk_win_64/winavr/bin/../lib/gcc/avr/4.3.3/avr5\libgcc.a(_clear_bss.o)
                0x00000076                __do_clear_bss
 *(.init4)
 *(.init5)
 *(.init5)
 *(.init6)
 *(.init6)
 *(.init7)
 *(.init7)
 *(.init8)
 *(.init8)
 *(.init9)
 .init9         0x00000086        0x8 f:/my diploma/01- embedded systems avr tools/01- imt sdk/imt_sdk_win_64/winavr/bin/../lib/gcc/avr/4.3.3/../../../../avr/lib/avr5/crtm32.o
 *(.init9)
 *(.text)
 .text          0x0000008e        0x4 f:/my diploma/01- embedded systems avr tools/01- imt sdk/imt_sdk_win_64/winavr/bin/../lib/gcc/avr/4.3.3/../../../../avr/lib/avr5/crtm32.o
                0x0000008e                __vector_1
                0x0000008e                __vector_12
                0x0000008e                __bad_interrupt
                0x0000008e                __vector_3
                0x0000008e                __vector_11
                0x0000008e                __vector_13
                0x0000008e                __vector_17
                0x0000008e                __vector_19
                0x0000008e                __vector_7
                0x0000008e                __vector_5
                0x0000008e                __vector_4
                0x0000008e                __vector_9
                0x0000008e                __vector_2
                0x0000008e                __vector_15
                0x0000008e                __vector_8
                0x0000008e                __vector_14
                0x0000008e                __vector_10
                0x0000008e                __vector_16
                0x0000008e                __vector_18
                0x0000008e                __vector_20
 .text          0x00000092        0x0 ./MCAL/DIO_program.o
 .text          0x00000092        0x0 ./MCAL/GIE_program.o
 .text          0x00000092        0x0 ./MCAL/PWM0_program.o
 .text          0x00000092        0x0 ./MCAL/PWM_program.o
 .text          0x00000092        0x0 ./MCAL/UART_program.o
 .text          0x00000092        0x0 ./MCAL/icu.o
 .text          0x00000092        0x0 ./HAL/DC_MOTOR_Program.o
 .text          0x00000092        0x0 ./HAL/servo_motor_3.o
 .text          0x00000092        0x0 ./HAL/ultra_sonic.o
 .text          0x00000092        0x0 ./APP/grade_project_version_with_functions.o
 .text          0x00000092        0x0 f:/my diploma/01- embedded systems avr tools/01- imt sdk/imt_sdk_win_64/winavr/bin/../lib/gcc/avr/4.3.3/avr5\libgcc.a(_udivmodhi4.o)
 .text          0x00000092        0x0 f:/my diploma/01- embedded systems avr tools/01- imt sdk/imt_sdk_win_64/winavr/bin/../lib/gcc/avr/4.3.3/avr5\libgcc.a(_exit.o)
 .text          0x00000092        0x0 f:/my diploma/01- embedded systems avr tools/01- imt sdk/imt_sdk_win_64/winavr/bin/../lib/gcc/avr/4.3.3/avr5\libgcc.a(_copy_data.o)
 .text          0x00000092        0x0 f:/my diploma/01- embedded systems avr tools/01- imt sdk/imt_sdk_win_64/winavr/bin/../lib/gcc/avr/4.3.3/avr5\libgcc.a(_clear_bss.o)
 .text          0x00000092       0x58 f:/my diploma/01- embedded systems avr tools/01- imt sdk/imt_sdk_win_64/winavr/bin/../lib/gcc/avr/4.3.3/avr5\libgcc.a(_fixunssfsi.o)
                0x00000092                __fixunssfsi
 .text          0x000000ea      0x354 f:/my diploma/01- embedded systems avr tools/01- imt sdk/imt_sdk_win_64/winavr/bin/../lib/gcc/avr/4.3.3/avr5\libgcc.a(_addsub_sf.o)
                0x00000382                __subsf3
                0x000003e4                __addsf3
 .text          0x0000043e      0x1f4 f:/my diploma/01- embedded systems avr tools/01- imt sdk/imt_sdk_win_64/winavr/bin/../lib/gcc/avr/4.3.3/avr5\libgcc.a(_mul_sf.o)
                0x0000043e                __mulsf3
 .text          0x00000632      0x158 f:/my diploma/01- embedded systems avr tools/01- imt sdk/imt_sdk_win_64/winavr/bin/../lib/gcc/avr/4.3.3/avr5\libgcc.a(_div_sf.o)
                0x00000632                __divsf3
 .text          0x0000078a       0x60 f:/my diploma/01- embedded systems avr tools/01- imt sdk/imt_sdk_win_64/winavr/bin/../lib/gcc/avr/4.3.3/avr5\libgcc.a(_gt_sf.o)
                0x0000078a                __gtsf2
 .text          0x000007ea       0x60 f:/my diploma/01- embedded systems avr tools/01- imt sdk/imt_sdk_win_64/winavr/bin/../lib/gcc/avr/4.3.3/avr5\libgcc.a(_ge_sf.o)
                0x000007ea                __gesf2
 .text          0x0000084a       0x60 f:/my diploma/01- embedded systems avr tools/01- imt sdk/imt_sdk_win_64/winavr/bin/../lib/gcc/avr/4.3.3/avr5\libgcc.a(_lt_sf.o)
                0x0000084a                __ltsf2
 .text          0x000008aa       0xa8 f:/my diploma/01- embedded systems avr tools/01- imt sdk/imt_sdk_win_64/winavr/bin/../lib/gcc/avr/4.3.3/avr5\libgcc.a(_sf_to_si.o)
                0x000008aa                __fixsfsi
 .text          0x00000952        0x0 f:/my diploma/01- embedded systems avr tools/01- imt sdk/imt_sdk_win_64/winavr/bin/../lib/gcc/avr/4.3.3/avr5\libgcc.a(_thenan_sf.o)
 .text          0x00000952       0xf2 f:/my diploma/01- embedded systems avr tools/01- imt sdk/imt_sdk_win_64/winavr/bin/../lib/gcc/avr/4.3.3/avr5\libgcc.a(_usi_to_sf.o)
                0x00000952                __floatunsisf
 .text          0x00000a44        0x0 f:/my diploma/01- embedded systems avr tools/01- imt sdk/imt_sdk_win_64/winavr/bin/../lib/gcc/avr/4.3.3/avr5\libgcc.a(_prologue.o)
 .text          0x00000a44        0x0 f:/my diploma/01- embedded systems avr tools/01- imt sdk/imt_sdk_win_64/winavr/bin/../lib/gcc/avr/4.3.3/avr5\libgcc.a(_epilogue.o)
 .text          0x00000a44       0x9e f:/my diploma/01- embedded systems avr tools/01- imt sdk/imt_sdk_win_64/winavr/bin/../lib/gcc/avr/4.3.3/avr5\libgcc.a(_clzsi2.o)
                0x00000a44                __clzsi2
 .text          0x00000ae2      0x1aa f:/my diploma/01- embedded systems avr tools/01- imt sdk/imt_sdk_win_64/winavr/bin/../lib/gcc/avr/4.3.3/avr5\libgcc.a(_pack_sf.o)
                0x00000ae2                __pack_f
 .text          0x00000c8c       0xf0 f:/my diploma/01- embedded systems avr tools/01- imt sdk/imt_sdk_win_64/winavr/bin/../lib/gcc/avr/4.3.3/avr5\libgcc.a(_unpack_sf.o)
                0x00000c8c                __unpack_f
 .text          0x00000d7c       0xb2 f:/my diploma/01- embedded systems avr tools/01- imt sdk/imt_sdk_win_64/winavr/bin/../lib/gcc/avr/4.3.3/avr5\libgcc.a(_fpcmp_parts_sf.o)
                0x00000d7c                __fpcmp_parts_f
 .text          0x00000e2e        0x0 f:/my diploma/01- embedded systems avr tools/01- imt sdk/imt_sdk_win_64/winavr/bin/../lib/gcc/avr/4.3.3/avr5\libgcc.a(_clz.o)
                0x00000e2e                . = ALIGN (0x2)
 *(.text.*)
 .text.DIO_voidSetPinDirection
                0x00000e2e      0x204 ./MCAL/DIO_program.o
                0x00000e2e                DIO_voidSetPinDirection
 .text.DIO_voidSetPinValue
                0x00001032      0x204 ./MCAL/DIO_program.o
                0x00001032                DIO_voidSetPinValue
 .text.DIO_voidSetPortDirection
                0x00001236       0x84 ./MCAL/DIO_program.o
                0x00001236                DIO_voidSetPortDirection
 .text.DIO_voidSetPortValue
                0x000012ba       0x84 ./MCAL/DIO_program.o
                0x000012ba                DIO_voidSetPortValue
 .text.DIO_u8GetPinValue
                0x0000133e       0xf2 ./MCAL/DIO_program.o
                0x0000133e                DIO_u8GetPinValue
 .text.GIE_voidEnable
                0x00001430       0x1c ./MCAL/GIE_program.o
                0x00001430                GIE_voidEnable
 .text.GIE_voidDisable
                0x0000144c       0x1c ./MCAL/GIE_program.o
                0x0000144c                GIE_voidDisable
 .text.PWM0_voidInit
                0x00001468       0xba ./MCAL/PWM0_program.o
                0x00001468                PWM0_voidInit
 .text.PWM2_voidInit
                0x00001522       0x82 ./MCAL/PWM_program.o
                0x00001522                PWM2_voidInit
 .text.PWM2_voidSetOcrValue
                0x000015a4       0x9a ./MCAL/PWM_program.o
                0x000015a4                PWM2_voidSetOcrValue
 .text.UART_voidInit
                0x0000163e       0x74 ./MCAL/UART_program.o
                0x0000163e                UART_voidInit
 .text.UART_voidSendData
                0x000016b2       0x38 ./MCAL/UART_program.o
                0x000016b2                UART_voidSendData
 .text.UART_u8ReceiveData
                0x000016ea       0x28 ./MCAL/UART_program.o
                0x000016ea                UART_u8ReceiveData
 .text.UART_voidReceiverEnable
                0x00001712       0x1c ./MCAL/UART_program.o
                0x00001712                UART_voidReceiverEnable
 .text.UART_voidReceiverDisable
                0x0000172e       0x1c ./MCAL/UART_program.o
                0x0000172e                UART_voidReceiverDisable
 .text.UART_voidTransmitterEnable
                0x0000174a       0x1c ./MCAL/UART_program.o
                0x0000174a                UART_voidTransmitterEnable
 .text.UART_voidTransmitterDisable
                0x00001766       0x1c ./MCAL/UART_program.o
                0x00001766                UART_voidTransmitterDisable
 .text.__vector_6
                0x00001782       0x66 ./MCAL/icu.o
                0x00001782                __vector_6
 .text.Icu_init
                0x000017e8       0x92 ./MCAL/icu.o
                0x000017e8                Icu_init
 .text.Icu_setCallBack
                0x0000187a       0x24 ./MCAL/icu.o
                0x0000187a                Icu_setCallBack
 .text.Icu_setEdgeDetectionType
                0x0000189e       0x3e ./MCAL/icu.o
                0x0000189e                Icu_setEdgeDetectionType
 .text.Icu_getInputCaptureValue
                0x000018dc       0x16 ./MCAL/icu.o
                0x000018dc                Icu_getInputCaptureValue
 .text.Icu_clearTimerValue
                0x000018f2       0x16 ./MCAL/icu.o
                0x000018f2                Icu_clearTimerValue
 .text.Icu_DeInit
                0x00001908       0x38 ./MCAL/icu.o
                0x00001908                Icu_DeInit
 .text.DC_MOTOR1_Init
                0x00001940       0x2c ./HAL/DC_MOTOR_Program.o
                0x00001940                DC_MOTOR1_Init
 .text.DC_MOTOR1_voidRotateClockwise
                0x0000196c       0x22 ./HAL/DC_MOTOR_Program.o
                0x0000196c                DC_MOTOR1_voidRotateClockwise
 .text.DC_MOTOR1_voidRotateAntiClockwise
                0x0000198e       0x22 ./HAL/DC_MOTOR_Program.o
                0x0000198e                DC_MOTOR1_voidRotateAntiClockwise
 .text.DC_MOTOR1_voidStop
                0x000019b0       0x22 ./HAL/DC_MOTOR_Program.o
                0x000019b0                DC_MOTOR1_voidStop
 .text.DC_MOTOR2_Init
                0x000019d2       0x2c ./HAL/DC_MOTOR_Program.o
                0x000019d2                DC_MOTOR2_Init
 .text.DC_MOTOR2_voidRotateClockwise
                0x000019fe       0x22 ./HAL/DC_MOTOR_Program.o
                0x000019fe                DC_MOTOR2_voidRotateClockwise
 .text.DC_MOTOR2_voidRotateAntiClockwise
                0x00001a20       0x22 ./HAL/DC_MOTOR_Program.o
                0x00001a20                DC_MOTOR2_voidRotateAntiClockwise
 .text.DC_MOTOR2_voidStop
                0x00001a42       0x22 ./HAL/DC_MOTOR_Program.o
                0x00001a42                DC_MOTOR2_voidStop
 .text.DC_MOTOR3_Init
                0x00001a64       0x2c ./HAL/DC_MOTOR_Program.o
                0x00001a64                DC_MOTOR3_Init
 .text.DC_MOTOR3_voidRotateClockwise
                0x00001a90       0x22 ./HAL/DC_MOTOR_Program.o
                0x00001a90                DC_MOTOR3_voidRotateClockwise
 .text.DC_MOTOR3_voidRotateAntiClockwise
                0x00001ab2       0x22 ./HAL/DC_MOTOR_Program.o
                0x00001ab2                DC_MOTOR3_voidRotateAntiClockwise
 .text.DC_MOTOR3_voidStop
                0x00001ad4       0x22 ./HAL/DC_MOTOR_Program.o
                0x00001ad4                DC_MOTOR3_voidStop
 .text.DC_MOTOR4_Init
                0x00001af6       0x2c ./HAL/DC_MOTOR_Program.o
                0x00001af6                DC_MOTOR4_Init
 .text.DC_MOTOR4_voidRotateClockwise
                0x00001b22       0x22 ./HAL/DC_MOTOR_Program.o
                0x00001b22                DC_MOTOR4_voidRotateClockwise
 .text.DC_MOTOR4_voidRotateAntiClockwise
                0x00001b44       0x22 ./HAL/DC_MOTOR_Program.o
                0x00001b44                DC_MOTOR4_voidRotateAntiClockwise
 .text.DC_MOTOR4_voidStop
                0x00001b66       0x22 ./HAL/DC_MOTOR_Program.o
                0x00001b66                DC_MOTOR4_voidStop
 .text.Set_Angle_Servo_motor_3
                0x00001b88       0x2e ./HAL/servo_motor_3.o
                0x00001b88                Set_Angle_Servo_motor_3
 .text.Ultrasonic_edgeProcessing
                0x00001bb6       0x4a ./HAL/ultra_sonic.o
                0x00001bb6                Ultrasonic_edgeProcessing
 .text.Ultrasonic_edgeProcessing2
                0x00001c00       0x4a ./HAL/ultra_sonic.o
                0x00001c00                Ultrasonic_edgeProcessing2
 .text.Ultrasonic_edgeProcessing3
                0x00001c4a       0x4a ./HAL/ultra_sonic.o
                0x00001c4a                Ultrasonic_edgeProcessing3
 .text.Ultrasonic_init
                0x00001c94       0x3a ./HAL/ultra_sonic.o
                0x00001c94                Ultrasonic_init
 .text.Ultrasonic2_init
                0x00001cce       0x3a ./HAL/ultra_sonic.o
                0x00001cce                Ultrasonic2_init
 .text.Ultrasonic3_init
                0x00001d08       0x3a ./HAL/ultra_sonic.o
                0x00001d08                Ultrasonic3_init
 .text.Ultrasonic_Trigger
                0x00001d42      0x1b6 ./HAL/ultra_sonic.o
                0x00001d42                Ultrasonic_Trigger
 .text.Ultrasonic2_Trigger
                0x00001ef8      0x1b6 ./HAL/ultra_sonic.o
                0x00001ef8                Ultrasonic2_Trigger
 .text.Ultrasonic3_Trigger
                0x000020ae      0x1b6 ./HAL/ultra_sonic.o
                0x000020ae                Ultrasonic3_Trigger
 .text.Ultrasonic_readDistance
                0x00002264      0x16c ./HAL/ultra_sonic.o
                0x00002264                Ultrasonic_readDistance
 .text.Ultrasonic2_readDistance
                0x000023d0      0x16c ./HAL/ultra_sonic.o
                0x000023d0                Ultrasonic2_readDistance
 .text.Ultrasonic3_readDistance
                0x0000253c      0x16c ./HAL/ultra_sonic.o
                0x0000253c                Ultrasonic3_readDistance
 .text.main     0x000026a8     0x11f6 ./APP/grade_project_version_with_functions.o
                0x000026a8                main
 .text.Display_Distance
                0x0000389e       0x3e ./APP/grade_project_version_with_functions.o
                0x0000389e                Display_Distance
 .text.Display_Distance_exit
                0x000038dc       0x2e ./APP/grade_project_version_with_functions.o
                0x000038dc                Display_Distance_exit
 .text.Check_Distance_Parallel
                0x0000390a     0x12f4 ./APP/grade_project_version_with_functions.o
                0x0000390a                Check_Distance_Parallel
 .text.Check_Distance_exiting
                0x00004bfe      0x61e ./APP/grade_project_version_with_functions.o
                0x00004bfe                Check_Distance_exiting
 .text.Parallel_Parking
                0x0000521c     0x1808 ./APP/grade_project_version_with_functions.o
                0x0000521c                Parallel_Parking
 .text.MOVE_BACKWORD_2_perpindicular
                0x00006a24       0x26 ./APP/grade_project_version_with_functions.o
                0x00006a24                MOVE_BACKWORD_2_perpindicular
 .text.STOP_DC_MOTOR
                0x00006a4a       0x1e ./APP/grade_project_version_with_functions.o
                0x00006a4a                STOP_DC_MOTOR
 .text.MOVE_FORWARD_2_perpindicular
                0x00006a68       0x26 ./APP/grade_project_version_with_functions.o
                0x00006a68                MOVE_FORWARD_2_perpindicular
 .text.MOVE_BACKWORD
                0x00006a8e       0x2e ./APP/grade_project_version_with_functions.o
                0x00006a8e                MOVE_BACKWORD
 .text.MOVE_BACKWORD_1_perpindicular
                0x00006abc       0x26 ./APP/grade_project_version_with_functions.o
                0x00006abc                MOVE_BACKWORD_1_perpindicular
 .text.MOVE_FORWARD
                0x00006ae2       0x2e ./APP/grade_project_version_with_functions.o
                0x00006ae2                MOVE_FORWARD
 .text.MOVE_FORWARD_1_perpindicular
                0x00006b10       0x26 ./APP/grade_project_version_with_functions.o
                0x00006b10                MOVE_FORWARD_1_perpindicular
 .text.DC_MOTORS_Init
                0x00006b36       0x1e ./APP/grade_project_version_with_functions.o
                0x00006b36                DC_MOTORS_Init
 .text.ExitParallel
                0x00006b54      0x808 ./APP/grade_project_version_with_functions.o
                0x00006b54                ExitParallel
 .text.libgcc   0x0000735c       0x28 f:/my diploma/01- embedded systems avr tools/01- imt sdk/imt_sdk_win_64/winavr/bin/../lib/gcc/avr/4.3.3/avr5\libgcc.a(_udivmodhi4.o)
                0x0000735c                __udivmodhi4
 .text.libgcc   0x00007384        0x0 f:/my diploma/01- embedded systems avr tools/01- imt sdk/imt_sdk_win_64/winavr/bin/../lib/gcc/avr/4.3.3/avr5\libgcc.a(_exit.o)
 .text.libgcc   0x00007384        0x0 f:/my diploma/01- embedded systems avr tools/01- imt sdk/imt_sdk_win_64/winavr/bin/../lib/gcc/avr/4.3.3/avr5\libgcc.a(_copy_data.o)
 .text.libgcc   0x00007384        0x0 f:/my diploma/01- embedded systems avr tools/01- imt sdk/imt_sdk_win_64/winavr/bin/../lib/gcc/avr/4.3.3/avr5\libgcc.a(_clear_bss.o)
 .text.libgcc   0x00007384       0x38 f:/my diploma/01- embedded systems avr tools/01- imt sdk/imt_sdk_win_64/winavr/bin/../lib/gcc/avr/4.3.3/avr5\libgcc.a(_prologue.o)
                0x00007384                __prologue_saves__
 .text.libgcc   0x000073bc       0x36 f:/my diploma/01- embedded systems avr tools/01- imt sdk/imt_sdk_win_64/winavr/bin/../lib/gcc/avr/4.3.3/avr5\libgcc.a(_epilogue.o)
                0x000073bc                __epilogue_restores__
                0x000073f2                . = ALIGN (0x2)
 *(.fini9)
 .fini9         0x000073f2        0x0 f:/my diploma/01- embedded systems avr tools/01- imt sdk/imt_sdk_win_64/winavr/bin/../lib/gcc/avr/4.3.3/avr5\libgcc.a(_exit.o)
                0x000073f2                exit
                0x000073f2                _exit
 *(.fini9)
 *(.fini8)
 *(.fini8)
 *(.fini7)
 *(.fini7)
 *(.fini6)
 *(.fini6)
 *(.fini5)
 *(.fini5)
 *(.fini4)
 *(.fini4)
 *(.fini3)
 *(.fini3)
 *(.fini2)
 *(.fini2)
 *(.fini1)
 *(.fini1)
 *(.fini0)
 .fini0         0x000073f2        0x4 f:/my diploma/01- embedded systems avr tools/01- imt sdk/imt_sdk_win_64/winavr/bin/../lib/gcc/avr/4.3.3/avr5\libgcc.a(_exit.o)
 *(.fini0)
                0x000073f6                _etext = .

.data           0x00800060      0x110 load address 0x000073f6
                0x00800060                PROVIDE (__data_start, .)
 *(.data)
 .data          0x00800060        0x0 f:/my diploma/01- embedded systems avr tools/01- imt sdk/imt_sdk_win_64/winavr/bin/../lib/gcc/avr/4.3.3/../../../../avr/lib/avr5/crtm32.o
 .data          0x00800060        0x0 ./MCAL/DIO_program.o
 .data          0x00800060        0x0 ./MCAL/GIE_program.o
 .data          0x00800060        0x0 ./MCAL/PWM0_program.o
 .data          0x00800060        0x0 ./MCAL/PWM_program.o
 .data          0x00800060        0x0 ./MCAL/UART_program.o
 .data          0x00800060        0x0 ./MCAL/icu.o
 .data          0x00800060        0x0 ./HAL/DC_MOTOR_Program.o
 .data          0x00800060        0x0 ./HAL/servo_motor_3.o
 .data          0x00800060        0x0 ./HAL/ultra_sonic.o
 .data          0x00800060        0x0 ./APP/grade_project_version_with_functions.o
 .data          0x00800060        0x0 f:/my diploma/01- embedded systems avr tools/01- imt sdk/imt_sdk_win_64/winavr/bin/../lib/gcc/avr/4.3.3/avr5\libgcc.a(_udivmodhi4.o)
 .data          0x00800060        0x0 f:/my diploma/01- embedded systems avr tools/01- imt sdk/imt_sdk_win_64/winavr/bin/../lib/gcc/avr/4.3.3/avr5\libgcc.a(_exit.o)
 .data          0x00800060        0x0 f:/my diploma/01- embedded systems avr tools/01- imt sdk/imt_sdk_win_64/winavr/bin/../lib/gcc/avr/4.3.3/avr5\libgcc.a(_copy_data.o)
 .data          0x00800060        0x0 f:/my diploma/01- embedded systems avr tools/01- imt sdk/imt_sdk_win_64/winavr/bin/../lib/gcc/avr/4.3.3/avr5\libgcc.a(_clear_bss.o)
 .data          0x00800060        0x0 f:/my diploma/01- embedded systems avr tools/01- imt sdk/imt_sdk_win_64/winavr/bin/../lib/gcc/avr/4.3.3/avr5\libgcc.a(_fixunssfsi.o)
 .data          0x00800060        0x0 f:/my diploma/01- embedded systems avr tools/01- imt sdk/imt_sdk_win_64/winavr/bin/../lib/gcc/avr/4.3.3/avr5\libgcc.a(_addsub_sf.o)
 .data          0x00800060        0x0 f:/my diploma/01- embedded systems avr tools/01- imt sdk/imt_sdk_win_64/winavr/bin/../lib/gcc/avr/4.3.3/avr5\libgcc.a(_mul_sf.o)
 .data          0x00800060        0x0 f:/my diploma/01- embedded systems avr tools/01- imt sdk/imt_sdk_win_64/winavr/bin/../lib/gcc/avr/4.3.3/avr5\libgcc.a(_div_sf.o)
 .data          0x00800060        0x0 f:/my diploma/01- embedded systems avr tools/01- imt sdk/imt_sdk_win_64/winavr/bin/../lib/gcc/avr/4.3.3/avr5\libgcc.a(_gt_sf.o)
 .data          0x00800060        0x0 f:/my diploma/01- embedded systems avr tools/01- imt sdk/imt_sdk_win_64/winavr/bin/../lib/gcc/avr/4.3.3/avr5\libgcc.a(_ge_sf.o)
 .data          0x00800060        0x0 f:/my diploma/01- embedded systems avr tools/01- imt sdk/imt_sdk_win_64/winavr/bin/../lib/gcc/avr/4.3.3/avr5\libgcc.a(_lt_sf.o)
 .data          0x00800060        0x0 f:/my diploma/01- embedded systems avr tools/01- imt sdk/imt_sdk_win_64/winavr/bin/../lib/gcc/avr/4.3.3/avr5\libgcc.a(_sf_to_si.o)
 .data          0x00800060        0x8 f:/my diploma/01- embedded systems avr tools/01- imt sdk/imt_sdk_win_64/winavr/bin/../lib/gcc/avr/4.3.3/avr5\libgcc.a(_thenan_sf.o)
                0x00800060                __thenan_sf
 .data          0x00800068        0x0 f:/my diploma/01- embedded systems avr tools/01- imt sdk/imt_sdk_win_64/winavr/bin/../lib/gcc/avr/4.3.3/avr5\libgcc.a(_usi_to_sf.o)
 .data          0x00800068        0x0 f:/my diploma/01- embedded systems avr tools/01- imt sdk/imt_sdk_win_64/winavr/bin/../lib/gcc/avr/4.3.3/avr5\libgcc.a(_prologue.o)
 .data          0x00800068        0x0 f:/my diploma/01- embedded systems avr tools/01- imt sdk/imt_sdk_win_64/winavr/bin/../lib/gcc/avr/4.3.3/avr5\libgcc.a(_epilogue.o)
 .data          0x00800068        0x0 f:/my diploma/01- embedded systems avr tools/01- imt sdk/imt_sdk_win_64/winavr/bin/../lib/gcc/avr/4.3.3/avr5\libgcc.a(_clzsi2.o)
 .data          0x00800068        0x0 f:/my diploma/01- embedded systems avr tools/01- imt sdk/imt_sdk_win_64/winavr/bin/../lib/gcc/avr/4.3.3/avr5\libgcc.a(_pack_sf.o)
 .data          0x00800068        0x0 f:/my diploma/01- embedded systems avr tools/01- imt sdk/imt_sdk_win_64/winavr/bin/../lib/gcc/avr/4.3.3/avr5\libgcc.a(_unpack_sf.o)
 .data          0x00800068        0x0 f:/my diploma/01- embedded systems avr tools/01- imt sdk/imt_sdk_win_64/winavr/bin/../lib/gcc/avr/4.3.3/avr5\libgcc.a(_fpcmp_parts_sf.o)
 .data          0x00800068      0x100 f:/my diploma/01- embedded systems avr tools/01- imt sdk/imt_sdk_win_64/winavr/bin/../lib/gcc/avr/4.3.3/avr5\libgcc.a(_clz.o)
                0x00800068                __clz_tab
 *(.data*)
 .data.Width    0x00800168        0x2 ./APP/grade_project_version_with_functions.o
                0x00800168                Width
 .data.lenght   0x0080016a        0x2 ./APP/grade_project_version_with_functions.o
                0x0080016a                lenght
 .data.SPEED_OF_MOTOR
                0x0080016c        0x2 ./APP/grade_project_version_with_functions.o
                0x0080016c                SPEED_OF_MOTOR
 .data.SPEED_OF_MOTOR_detect
                0x0080016e        0x2 ./APP/grade_project_version_with_functions.o
                0x0080016e                SPEED_OF_MOTOR_detect
 *(.rodata)
 *(.rodata*)
 *(.gnu.linkonce.d*)
                0x00800170                . = ALIGN (0x2)
                0x00800170                _edata = .
                0x00800170                PROVIDE (__data_end, .)

.bss            0x00800170       0x5d
                0x00800170                PROVIDE (__bss_start, .)
 *(.bss)
 .bss           0x00800170        0x0 f:/my diploma/01- embedded systems avr tools/01- imt sdk/imt_sdk_win_64/winavr/bin/../lib/gcc/avr/4.3.3/../../../../avr/lib/avr5/crtm32.o
 .bss           0x00800170        0x0 ./MCAL/DIO_program.o
 .bss           0x00800170        0x0 ./MCAL/GIE_program.o
 .bss           0x00800170        0x0 ./MCAL/PWM0_program.o
 .bss           0x00800170        0x0 ./MCAL/PWM_program.o
 .bss           0x00800170        0x0 ./MCAL/UART_program.o
 .bss           0x00800170        0x0 ./MCAL/icu.o
 .bss           0x00800170        0x0 ./HAL/DC_MOTOR_Program.o
 .bss           0x00800170        0x0 ./HAL/servo_motor_3.o
 .bss           0x00800170        0x0 ./HAL/ultra_sonic.o
 .bss           0x00800170        0x0 ./APP/grade_project_version_with_functions.o
 .bss           0x00800170        0x0 f:/my diploma/01- embedded systems avr tools/01- imt sdk/imt_sdk_win_64/winavr/bin/../lib/gcc/avr/4.3.3/avr5\libgcc.a(_udivmodhi4.o)
 .bss           0x00800170        0x0 f:/my diploma/01- embedded systems avr tools/01- imt sdk/imt_sdk_win_64/winavr/bin/../lib/gcc/avr/4.3.3/avr5\libgcc.a(_exit.o)
 .bss           0x00800170        0x0 f:/my diploma/01- embedded systems avr tools/01- imt sdk/imt_sdk_win_64/winavr/bin/../lib/gcc/avr/4.3.3/avr5\libgcc.a(_copy_data.o)
 .bss           0x00800170        0x0 f:/my diploma/01- embedded systems avr tools/01- imt sdk/imt_sdk_win_64/winavr/bin/../lib/gcc/avr/4.3.3/avr5\libgcc.a(_clear_bss.o)
 .bss           0x00800170        0x0 f:/my diploma/01- embedded systems avr tools/01- imt sdk/imt_sdk_win_64/winavr/bin/../lib/gcc/avr/4.3.3/avr5\libgcc.a(_fixunssfsi.o)
 .bss           0x00800170        0x0 f:/my diploma/01- embedded systems avr tools/01- imt sdk/imt_sdk_win_64/winavr/bin/../lib/gcc/avr/4.3.3/avr5\libgcc.a(_addsub_sf.o)
 .bss           0x00800170        0x0 f:/my diploma/01- embedded systems avr tools/01- imt sdk/imt_sdk_win_64/winavr/bin/../lib/gcc/avr/4.3.3/avr5\libgcc.a(_mul_sf.o)
 .bss           0x00800170        0x0 f:/my diploma/01- embedded systems avr tools/01- imt sdk/imt_sdk_win_64/winavr/bin/../lib/gcc/avr/4.3.3/avr5\libgcc.a(_div_sf.o)
 .bss           0x00800170        0x0 f:/my diploma/01- embedded systems avr tools/01- imt sdk/imt_sdk_win_64/winavr/bin/../lib/gcc/avr/4.3.3/avr5\libgcc.a(_gt_sf.o)
 .bss           0x00800170        0x0 f:/my diploma/01- embedded systems avr tools/01- imt sdk/imt_sdk_win_64/winavr/bin/../lib/gcc/avr/4.3.3/avr5\libgcc.a(_ge_sf.o)
 .bss           0x00800170        0x0 f:/my diploma/01- embedded systems avr tools/01- imt sdk/imt_sdk_win_64/winavr/bin/../lib/gcc/avr/4.3.3/avr5\libgcc.a(_lt_sf.o)
 .bss           0x00800170        0x0 f:/my diploma/01- embedded systems avr tools/01- imt sdk/imt_sdk_win_64/winavr/bin/../lib/gcc/avr/4.3.3/avr5\libgcc.a(_sf_to_si.o)
 .bss           0x00800170        0x0 f:/my diploma/01- embedded systems avr tools/01- imt sdk/imt_sdk_win_64/winavr/bin/../lib/gcc/avr/4.3.3/avr5\libgcc.a(_thenan_sf.o)
 .bss           0x00800170        0x0 f:/my diploma/01- embedded systems avr tools/01- imt sdk/imt_sdk_win_64/winavr/bin/../lib/gcc/avr/4.3.3/avr5\libgcc.a(_usi_to_sf.o)
 .bss           0x00800170        0x0 f:/my diploma/01- embedded systems avr tools/01- imt sdk/imt_sdk_win_64/winavr/bin/../lib/gcc/avr/4.3.3/avr5\libgcc.a(_prologue.o)
 .bss           0x00800170        0x0 f:/my diploma/01- embedded systems avr tools/01- imt sdk/imt_sdk_win_64/winavr/bin/../lib/gcc/avr/4.3.3/avr5\libgcc.a(_epilogue.o)
 .bss           0x00800170        0x0 f:/my diploma/01- embedded systems avr tools/01- imt sdk/imt_sdk_win_64/winavr/bin/../lib/gcc/avr/4.3.3/avr5\libgcc.a(_clzsi2.o)
 .bss           0x00800170        0x0 f:/my diploma/01- embedded systems avr tools/01- imt sdk/imt_sdk_win_64/winavr/bin/../lib/gcc/avr/4.3.3/avr5\libgcc.a(_pack_sf.o)
 .bss           0x00800170        0x0 f:/my diploma/01- embedded systems avr tools/01- imt sdk/imt_sdk_win_64/winavr/bin/../lib/gcc/avr/4.3.3/avr5\libgcc.a(_unpack_sf.o)
 .bss           0x00800170        0x0 f:/my diploma/01- embedded systems avr tools/01- imt sdk/imt_sdk_win_64/winavr/bin/../lib/gcc/avr/4.3.3/avr5\libgcc.a(_fpcmp_parts_sf.o)
 .bss           0x00800170        0x0 f:/my diploma/01- embedded systems avr tools/01- imt sdk/imt_sdk_win_64/winavr/bin/../lib/gcc/avr/4.3.3/avr5\libgcc.a(_clz.o)
 *(.bss*)
 .bss.g_callBackPtr
                0x00800170        0x2 ./MCAL/icu.o
 .bss.distance  0x00800172        0x4 ./HAL/ultra_sonic.o
                0x00800172                distance
 .bss.distance2
                0x00800176        0x4 ./HAL/ultra_sonic.o
                0x00800176                distance2
 .bss.distance3
                0x0080017a        0x4 ./HAL/ultra_sonic.o
                0x0080017a                distance3
 .bss.g_edgeCount
                0x0080017e        0x1 ./HAL/ultra_sonic.o
                0x0080017e                g_edgeCount
 .bss.g_edgeCount2
                0x0080017f        0x1 ./HAL/ultra_sonic.o
                0x0080017f                g_edgeCount2
 .bss.g_edgeCount3
                0x00800180        0x1 ./HAL/ultra_sonic.o
                0x00800180                g_edgeCount3
 .bss.g_timeHigh
                0x00800181        0x2 ./HAL/ultra_sonic.o
                0x00800181                g_timeHigh
 .bss.g_timeHigh2
                0x00800183        0x2 ./HAL/ultra_sonic.o
                0x00800183                g_timeHigh2
 .bss.g_timeHigh3
                0x00800185        0x2 ./HAL/ultra_sonic.o
                0x00800185                g_timeHigh3
 .bss.flag      0x00800187        0x1 ./APP/grade_project_version_with_functions.o
                0x00800187                flag
 .bss.result_of_distance
                0x00800188        0x2 ./APP/grade_project_version_with_functions.o
 *(COMMON)
 COMMON         0x0080018a       0x43 ./APP/grade_project_version_with_functions.o
                0x0080018a                time_of_fourth_move_of_parallel_parking
                0x0080018e                TimeForParking
                0x00800190                time_of_first_move_of_parallel_parking
                0x00800194                Distance_Away
                0x00800196                time_of_second_move_of_parallel_exit
                0x0080019a                time_of_lengh_of_car
                0x0080019c                Ultra_Front_Dis1
                0x0080019e                time_of_move_back_perpindicular_exit_count7
                0x008001a2                TimeToCheckParking
                0x008001a4                time_of_move_back_perpindicular_park_count5
                0x008001a8                time_of_extra_space_for_parking_after_check
                0x008001ac                time_of_third_move_of_parallel_parking
                0x008001b0                time_of_second_move_of_parallel_parking
                0x008001b4                count
                0x008001b5                DistanceForParking
                0x008001b7                time_of_move_back_parallel_exit
                0x008001bb                timedMoveBack
                0x008001bd                Ultra_Right_Dis3
                0x008001bf                time_of_first_move_of_parallel_exit
                0x008001c3                Ultra_Back_Dis2
                0x008001c5                time_of_move_perpindicular_park
                0x008001c9                time_of_move_back_perpindicular_park_count6
                0x008001cd                PROVIDE (__bss_end, .)
                0x000073f6                __data_load_start = LOADADDR (.data)
                0x00007506                __data_load_end = (__data_load_start + SIZEOF (.data))

.noinit         0x008001cd        0x0
                0x008001cd                PROVIDE (__noinit_start, .)
 *(.noinit*)
                0x008001cd                PROVIDE (__noinit_end, .)
                0x008001cd                _end = .
                0x008001cd                PROVIDE (__heap_start, .)

.eeprom         0x00810000        0x0
 *(.eeprom*)
                0x00810000                __eeprom_end = .

.fuse
 *(.fuse)
 *(.lfuse)
 *(.hfuse)
 *(.efuse)

.lock
 *(.lock*)

.signature
 *(.signature*)

.stab           0x00000000     0x5a18
 *(.stab)
 .stab          0x00000000      0x4b0 ./MCAL/DIO_program.o
 .stab          0x000004b0      0x144 ./MCAL/GIE_program.o
                                0x1c8 (size before relaxing)
 .stab          0x000005f4      0x384 ./MCAL/PWM0_program.o
                                0x408 (size before relaxing)
 .stab          0x00000978      0x204 ./MCAL/PWM_program.o
                                0x288 (size before relaxing)
 .stab          0x00000b7c      0x330 ./MCAL/UART_program.o
                                0x3b4 (size before relaxing)
 .stab          0x00000eac      0x378 ./MCAL/icu.o
                                0x5ac (size before relaxing)
 .stab          0x00001224      0x54c ./HAL/DC_MOTOR_Program.o
                                0x558 (size before relaxing)
 .stab          0x00001770      0x1d4 ./HAL/servo_motor_3.o
                                0x1e0 (size before relaxing)
 .stab          0x00001944      0xc48 ./HAL/ultra_sonic.o
                                0xe70 (size before relaxing)
 .stab          0x0000258c     0x348c ./APP/grade_project_version_with_functions.o
                               0x3648 (size before relaxing)

.stabstr        0x00000000     0x1acd
 *(.stabstr)
 .stabstr       0x00000000     0x1acd ./MCAL/DIO_program.o

.stab.excl
 *(.stab.excl)

.stab.exclstr
 *(.stab.exclstr)

.stab.index
 *(.stab.index)

.stab.indexstr
 *(.stab.indexstr)

.comment
 *(.comment)

.debug
 *(.debug)

.line
 *(.line)

.debug_srcinfo
 *(.debug_srcinfo)

.debug_sfnames
 *(.debug_sfnames)

.debug_aranges  0x00000000      0x1a0
 *(.debug_aranges)
 .debug_aranges
                0x00000000       0x20 f:/my diploma/01- embedded systems avr tools/01- imt sdk/imt_sdk_win_64/winavr/bin/../lib/gcc/avr/4.3.3/avr5\libgcc.a(_fixunssfsi.o)
 .debug_aranges
                0x00000020       0x20 f:/my diploma/01- embedded systems avr tools/01- imt sdk/imt_sdk_win_64/winavr/bin/../lib/gcc/avr/4.3.3/avr5\libgcc.a(_addsub_sf.o)
 .debug_aranges
                0x00000040       0x20 f:/my diploma/01- embedded systems avr tools/01- imt sdk/imt_sdk_win_64/winavr/bin/../lib/gcc/avr/4.3.3/avr5\libgcc.a(_mul_sf.o)
 .debug_aranges
                0x00000060       0x20 f:/my diploma/01- embedded systems avr tools/01- imt sdk/imt_sdk_win_64/winavr/bin/../lib/gcc/avr/4.3.3/avr5\libgcc.a(_div_sf.o)
 .debug_aranges
                0x00000080       0x20 f:/my diploma/01- embedded systems avr tools/01- imt sdk/imt_sdk_win_64/winavr/bin/../lib/gcc/avr/4.3.3/avr5\libgcc.a(_gt_sf.o)
 .debug_aranges
                0x000000a0       0x20 f:/my diploma/01- embedded systems avr tools/01- imt sdk/imt_sdk_win_64/winavr/bin/../lib/gcc/avr/4.3.3/avr5\libgcc.a(_ge_sf.o)
 .debug_aranges
                0x000000c0       0x20 f:/my diploma/01- embedded systems avr tools/01- imt sdk/imt_sdk_win_64/winavr/bin/../lib/gcc/avr/4.3.3/avr5\libgcc.a(_lt_sf.o)
 .debug_aranges
                0x000000e0       0x20 f:/my diploma/01- embedded systems avr tools/01- imt sdk/imt_sdk_win_64/winavr/bin/../lib/gcc/avr/4.3.3/avr5\libgcc.a(_sf_to_si.o)
 .debug_aranges
                0x00000100       0x20 f:/my diploma/01- embedded systems avr tools/01- imt sdk/imt_sdk_win_64/winavr/bin/../lib/gcc/avr/4.3.3/avr5\libgcc.a(_usi_to_sf.o)
 .debug_aranges
                0x00000120       0x20 f:/my diploma/01- embedded systems avr tools/01- imt sdk/imt_sdk_win_64/winavr/bin/../lib/gcc/avr/4.3.3/avr5\libgcc.a(_clzsi2.o)
 .debug_aranges
                0x00000140       0x20 f:/my diploma/01- embedded systems avr tools/01- imt sdk/imt_sdk_win_64/winavr/bin/../lib/gcc/avr/4.3.3/avr5\libgcc.a(_pack_sf.o)
 .debug_aranges
                0x00000160       0x20 f:/my diploma/01- embedded systems avr tools/01- imt sdk/imt_sdk_win_64/winavr/bin/../lib/gcc/avr/4.3.3/avr5\libgcc.a(_unpack_sf.o)
 .debug_aranges
                0x00000180       0x20 f:/my diploma/01- embedded systems avr tools/01- imt sdk/imt_sdk_win_64/winavr/bin/../lib/gcc/avr/4.3.3/avr5\libgcc.a(_fpcmp_parts_sf.o)

.debug_pubnames
                0x00000000      0x1f2
 *(.debug_pubnames)
 .debug_pubnames
                0x00000000       0x23 f:/my diploma/01- embedded systems avr tools/01- imt sdk/imt_sdk_win_64/winavr/bin/../lib/gcc/avr/4.3.3/avr5\libgcc.a(_fixunssfsi.o)
 .debug_pubnames
                0x00000023       0x2c f:/my diploma/01- embedded systems avr tools/01- imt sdk/imt_sdk_win_64/winavr/bin/../lib/gcc/avr/4.3.3/avr5\libgcc.a(_addsub_sf.o)
 .debug_pubnames
                0x0000004f       0x1f f:/my diploma/01- embedded systems avr tools/01- imt sdk/imt_sdk_win_64/winavr/bin/../lib/gcc/avr/4.3.3/avr5\libgcc.a(_mul_sf.o)
 .debug_pubnames
                0x0000006e       0x1f f:/my diploma/01- embedded systems avr tools/01- imt sdk/imt_sdk_win_64/winavr/bin/../lib/gcc/avr/4.3.3/avr5\libgcc.a(_div_sf.o)
 .debug_pubnames
                0x0000008d       0x1e f:/my diploma/01- embedded systems avr tools/01- imt sdk/imt_sdk_win_64/winavr/bin/../lib/gcc/avr/4.3.3/avr5\libgcc.a(_gt_sf.o)
 .debug_pubnames
                0x000000ab       0x1e f:/my diploma/01- embedded systems avr tools/01- imt sdk/imt_sdk_win_64/winavr/bin/../lib/gcc/avr/4.3.3/avr5\libgcc.a(_ge_sf.o)
 .debug_pubnames
                0x000000c9       0x1e f:/my diploma/01- embedded systems avr tools/01- imt sdk/imt_sdk_win_64/winavr/bin/../lib/gcc/avr/4.3.3/avr5\libgcc.a(_lt_sf.o)
 .debug_pubnames
                0x000000e7       0x20 f:/my diploma/01- embedded systems avr tools/01- imt sdk/imt_sdk_win_64/winavr/bin/../lib/gcc/avr/4.3.3/avr5\libgcc.a(_sf_to_si.o)
 .debug_pubnames
                0x00000107       0x22 f:/my diploma/01- embedded systems avr tools/01- imt sdk/imt_sdk_win_64/winavr/bin/../lib/gcc/avr/4.3.3/avr5\libgcc.a(_thenan_sf.o)
 .debug_pubnames
                0x00000129       0x24 f:/my diploma/01- embedded systems avr tools/01- imt sdk/imt_sdk_win_64/winavr/bin/../lib/gcc/avr/4.3.3/avr5\libgcc.a(_usi_to_sf.o)
 .debug_pubnames
                0x0000014d       0x1f f:/my diploma/01- embedded systems avr tools/01- imt sdk/imt_sdk_win_64/winavr/bin/../lib/gcc/avr/4.3.3/avr5\libgcc.a(_clzsi2.o)
 .debug_pubnames
                0x0000016c       0x1f f:/my diploma/01- embedded systems avr tools/01- imt sdk/imt_sdk_win_64/winavr/bin/../lib/gcc/avr/4.3.3/avr5\libgcc.a(_pack_sf.o)
 .debug_pubnames
                0x0000018b       0x21 f:/my diploma/01- embedded systems avr tools/01- imt sdk/imt_sdk_win_64/winavr/bin/../lib/gcc/avr/4.3.3/avr5\libgcc.a(_unpack_sf.o)
 .debug_pubnames
                0x000001ac       0x26 f:/my diploma/01- embedded systems avr tools/01- imt sdk/imt_sdk_win_64/winavr/bin/../lib/gcc/avr/4.3.3/avr5\libgcc.a(_fpcmp_parts_sf.o)
 .debug_pubnames
                0x000001d2       0x20 f:/my diploma/01- embedded systems avr tools/01- imt sdk/imt_sdk_win_64/winavr/bin/../lib/gcc/avr/4.3.3/avr5\libgcc.a(_clz.o)

.debug_info     0x00000000     0x240b
 *(.debug_info)
 .debug_info    0x00000000       0xb1 f:/my diploma/01- embedded systems avr tools/01- imt sdk/imt_sdk_win_64/winavr/bin/../lib/gcc/avr/4.3.3/avr5\libgcc.a(_fixunssfsi.o)
 .debug_info    0x000000b1      0x47a f:/my diploma/01- embedded systems avr tools/01- imt sdk/imt_sdk_win_64/winavr/bin/../lib/gcc/avr/4.3.3/avr5\libgcc.a(_addsub_sf.o)
 .debug_info    0x0000052b      0x485 f:/my diploma/01- embedded systems avr tools/01- imt sdk/imt_sdk_win_64/winavr/bin/../lib/gcc/avr/4.3.3/avr5\libgcc.a(_mul_sf.o)
 .debug_info    0x000009b0      0x3fc f:/my diploma/01- embedded systems avr tools/01- imt sdk/imt_sdk_win_64/winavr/bin/../lib/gcc/avr/4.3.3/avr5\libgcc.a(_div_sf.o)
 .debug_info    0x00000dac      0x27f f:/my diploma/01- embedded systems avr tools/01- imt sdk/imt_sdk_win_64/winavr/bin/../lib/gcc/avr/4.3.3/avr5\libgcc.a(_gt_sf.o)
 .debug_info    0x0000102b      0x27f f:/my diploma/01- embedded systems avr tools/01- imt sdk/imt_sdk_win_64/winavr/bin/../lib/gcc/avr/4.3.3/avr5\libgcc.a(_ge_sf.o)
 .debug_info    0x000012aa      0x27f f:/my diploma/01- embedded systems avr tools/01- imt sdk/imt_sdk_win_64/winavr/bin/../lib/gcc/avr/4.3.3/avr5\libgcc.a(_lt_sf.o)
 .debug_info    0x00001529      0x2b0 f:/my diploma/01- embedded systems avr tools/01- imt sdk/imt_sdk_win_64/winavr/bin/../lib/gcc/avr/4.3.3/avr5\libgcc.a(_sf_to_si.o)
 .debug_info    0x000017d9      0x12c f:/my diploma/01- embedded systems avr tools/01- imt sdk/imt_sdk_win_64/winavr/bin/../lib/gcc/avr/4.3.3/avr5\libgcc.a(_thenan_sf.o)
 .debug_info    0x00001905      0x206 f:/my diploma/01- embedded systems avr tools/01- imt sdk/imt_sdk_win_64/winavr/bin/../lib/gcc/avr/4.3.3/avr5\libgcc.a(_usi_to_sf.o)
 .debug_info    0x00001b0b      0x117 f:/my diploma/01- embedded systems avr tools/01- imt sdk/imt_sdk_win_64/winavr/bin/../lib/gcc/avr/4.3.3/avr5\libgcc.a(_clzsi2.o)
 .debug_info    0x00001c22      0x2df f:/my diploma/01- embedded systems avr tools/01- imt sdk/imt_sdk_win_64/winavr/bin/../lib/gcc/avr/4.3.3/avr5\libgcc.a(_pack_sf.o)
 .debug_info    0x00001f01      0x251 f:/my diploma/01- embedded systems avr tools/01- imt sdk/imt_sdk_win_64/winavr/bin/../lib/gcc/avr/4.3.3/avr5\libgcc.a(_unpack_sf.o)
 .debug_info    0x00002152      0x210 f:/my diploma/01- embedded systems avr tools/01- imt sdk/imt_sdk_win_64/winavr/bin/../lib/gcc/avr/4.3.3/avr5\libgcc.a(_fpcmp_parts_sf.o)
 .debug_info    0x00002362       0xa9 f:/my diploma/01- embedded systems avr tools/01- imt sdk/imt_sdk_win_64/winavr/bin/../lib/gcc/avr/4.3.3/avr5\libgcc.a(_clz.o)
 *(.gnu.linkonce.wi.*)

.debug_abbrev   0x00000000     0x1386
 *(.debug_abbrev)
 .debug_abbrev  0x00000000       0x5d f:/my diploma/01- embedded systems avr tools/01- imt sdk/imt_sdk_win_64/winavr/bin/../lib/gcc/avr/4.3.3/avr5\libgcc.a(_fixunssfsi.o)
 .debug_abbrev  0x0000005d      0x1ea f:/my diploma/01- embedded systems avr tools/01- imt sdk/imt_sdk_win_64/winavr/bin/../lib/gcc/avr/4.3.3/avr5\libgcc.a(_addsub_sf.o)
 .debug_abbrev  0x00000247      0x21b f:/my diploma/01- embedded systems avr tools/01- imt sdk/imt_sdk_win_64/winavr/bin/../lib/gcc/avr/4.3.3/avr5\libgcc.a(_mul_sf.o)
 .debug_abbrev  0x00000462      0x216 f:/my diploma/01- embedded systems avr tools/01- imt sdk/imt_sdk_win_64/winavr/bin/../lib/gcc/avr/4.3.3/avr5\libgcc.a(_div_sf.o)
 .debug_abbrev  0x00000678      0x15a f:/my diploma/01- embedded systems avr tools/01- imt sdk/imt_sdk_win_64/winavr/bin/../lib/gcc/avr/4.3.3/avr5\libgcc.a(_gt_sf.o)
 .debug_abbrev  0x000007d2      0x15a f:/my diploma/01- embedded systems avr tools/01- imt sdk/imt_sdk_win_64/winavr/bin/../lib/gcc/avr/4.3.3/avr5\libgcc.a(_ge_sf.o)
 .debug_abbrev  0x0000092c      0x15a f:/my diploma/01- embedded systems avr tools/01- imt sdk/imt_sdk_win_64/winavr/bin/../lib/gcc/avr/4.3.3/avr5\libgcc.a(_lt_sf.o)
 .debug_abbrev  0x00000a86      0x17f f:/my diploma/01- embedded systems avr tools/01- imt sdk/imt_sdk_win_64/winavr/bin/../lib/gcc/avr/4.3.3/avr5\libgcc.a(_sf_to_si.o)
 .debug_abbrev  0x00000c05       0xad f:/my diploma/01- embedded systems avr tools/01- imt sdk/imt_sdk_win_64/winavr/bin/../lib/gcc/avr/4.3.3/avr5\libgcc.a(_thenan_sf.o)
 .debug_abbrev  0x00000cb2      0x157 f:/my diploma/01- embedded systems avr tools/01- imt sdk/imt_sdk_win_64/winavr/bin/../lib/gcc/avr/4.3.3/avr5\libgcc.a(_usi_to_sf.o)
 .debug_abbrev  0x00000e09       0xc4 f:/my diploma/01- embedded systems avr tools/01- imt sdk/imt_sdk_win_64/winavr/bin/../lib/gcc/avr/4.3.3/avr5\libgcc.a(_clzsi2.o)
 .debug_abbrev  0x00000ecd      0x1c0 f:/my diploma/01- embedded systems avr tools/01- imt sdk/imt_sdk_win_64/winavr/bin/../lib/gcc/avr/4.3.3/avr5\libgcc.a(_pack_sf.o)
 .debug_abbrev  0x0000108d      0x154 f:/my diploma/01- embedded systems avr tools/01- imt sdk/imt_sdk_win_64/winavr/bin/../lib/gcc/avr/4.3.3/avr5\libgcc.a(_unpack_sf.o)
 .debug_abbrev  0x000011e1      0x13b f:/my diploma/01- embedded systems avr tools/01- imt sdk/imt_sdk_win_64/winavr/bin/../lib/gcc/avr/4.3.3/avr5\libgcc.a(_fpcmp_parts_sf.o)
 .debug_abbrev  0x0000131c       0x6a f:/my diploma/01- embedded systems avr tools/01- imt sdk/imt_sdk_win_64/winavr/bin/../lib/gcc/avr/4.3.3/avr5\libgcc.a(_clz.o)

.debug_line     0x00000000     0x11d6
 *(.debug_line)
 .debug_line    0x00000000       0xa7 f:/my diploma/01- embedded systems avr tools/01- imt sdk/imt_sdk_win_64/winavr/bin/../lib/gcc/avr/4.3.3/avr5\libgcc.a(_fixunssfsi.o)
 .debug_line    0x000000a7      0x2af f:/my diploma/01- embedded systems avr tools/01- imt sdk/imt_sdk_win_64/winavr/bin/../lib/gcc/avr/4.3.3/avr5\libgcc.a(_addsub_sf.o)
 .debug_line    0x00000356      0x239 f:/my diploma/01- embedded systems avr tools/01- imt sdk/imt_sdk_win_64/winavr/bin/../lib/gcc/avr/4.3.3/avr5\libgcc.a(_mul_sf.o)
 .debug_line    0x0000058f      0x1d5 f:/my diploma/01- embedded systems avr tools/01- imt sdk/imt_sdk_win_64/winavr/bin/../lib/gcc/avr/4.3.3/avr5\libgcc.a(_div_sf.o)
 .debug_line    0x00000764       0xd3 f:/my diploma/01- embedded systems avr tools/01- imt sdk/imt_sdk_win_64/winavr/bin/../lib/gcc/avr/4.3.3/avr5\libgcc.a(_gt_sf.o)
 .debug_line    0x00000837       0xd3 f:/my diploma/01- embedded systems avr tools/01- imt sdk/imt_sdk_win_64/winavr/bin/../lib/gcc/avr/4.3.3/avr5\libgcc.a(_ge_sf.o)
 .debug_line    0x0000090a       0xd3 f:/my diploma/01- embedded systems avr tools/01- imt sdk/imt_sdk_win_64/winavr/bin/../lib/gcc/avr/4.3.3/avr5\libgcc.a(_lt_sf.o)
 .debug_line    0x000009dd      0x109 f:/my diploma/01- embedded systems avr tools/01- imt sdk/imt_sdk_win_64/winavr/bin/../lib/gcc/avr/4.3.3/avr5\libgcc.a(_sf_to_si.o)
 .debug_line    0x00000ae6       0x90 f:/my diploma/01- embedded systems avr tools/01- imt sdk/imt_sdk_win_64/winavr/bin/../lib/gcc/avr/4.3.3/avr5\libgcc.a(_thenan_sf.o)
 .debug_line    0x00000b76      0x133 f:/my diploma/01- embedded systems avr tools/01- imt sdk/imt_sdk_win_64/winavr/bin/../lib/gcc/avr/4.3.3/avr5\libgcc.a(_usi_to_sf.o)
 .debug_line    0x00000ca9       0xa5 f:/my diploma/01- embedded systems avr tools/01- imt sdk/imt_sdk_win_64/winavr/bin/../lib/gcc/avr/4.3.3/avr5\libgcc.a(_clzsi2.o)
 .debug_line    0x00000d4e      0x18a f:/my diploma/01- embedded systems avr tools/01- imt sdk/imt_sdk_win_64/winavr/bin/../lib/gcc/avr/4.3.3/avr5\libgcc.a(_pack_sf.o)
 .debug_line    0x00000ed8      0x14b f:/my diploma/01- embedded systems avr tools/01- imt sdk/imt_sdk_win_64/winavr/bin/../lib/gcc/avr/4.3.3/avr5\libgcc.a(_unpack_sf.o)
 .debug_line    0x00001023      0x137 f:/my diploma/01- embedded systems avr tools/01- imt sdk/imt_sdk_win_64/winavr/bin/../lib/gcc/avr/4.3.3/avr5\libgcc.a(_fpcmp_parts_sf.o)
 .debug_line    0x0000115a       0x7c f:/my diploma/01- embedded systems avr tools/01- imt sdk/imt_sdk_win_64/winavr/bin/../lib/gcc/avr/4.3.3/avr5\libgcc.a(_clz.o)

.debug_frame    0x00000000      0x1c0
 *(.debug_frame)
 .debug_frame   0x00000000       0x20 f:/my diploma/01- embedded systems avr tools/01- imt sdk/imt_sdk_win_64/winavr/bin/../lib/gcc/avr/4.3.3/avr5\libgcc.a(_fixunssfsi.o)
 .debug_frame   0x00000020       0x40 f:/my diploma/01- embedded systems avr tools/01- imt sdk/imt_sdk_win_64/winavr/bin/../lib/gcc/avr/4.3.3/avr5\libgcc.a(_addsub_sf.o)
 .debug_frame   0x00000060       0x20 f:/my diploma/01- embedded systems avr tools/01- imt sdk/imt_sdk_win_64/winavr/bin/../lib/gcc/avr/4.3.3/avr5\libgcc.a(_mul_sf.o)
 .debug_frame   0x00000080       0x20 f:/my diploma/01- embedded systems avr tools/01- imt sdk/imt_sdk_win_64/winavr/bin/../lib/gcc/avr/4.3.3/avr5\libgcc.a(_div_sf.o)
 .debug_frame   0x000000a0       0x20 f:/my diploma/01- embedded systems avr tools/01- imt sdk/imt_sdk_win_64/winavr/bin/../lib/gcc/avr/4.3.3/avr5\libgcc.a(_gt_sf.o)
 .debug_frame   0x000000c0       0x20 f:/my diploma/01- embedded systems avr tools/01- imt sdk/imt_sdk_win_64/winavr/bin/../lib/gcc/avr/4.3.3/avr5\libgcc.a(_ge_sf.o)
 .debug_frame   0x000000e0       0x20 f:/my diploma/01- embedded systems avr tools/01- imt sdk/imt_sdk_win_64/winavr/bin/../lib/gcc/avr/4.3.3/avr5\libgcc.a(_lt_sf.o)
 .debug_frame   0x00000100       0x20 f:/my diploma/01- embedded systems avr tools/01- imt sdk/imt_sdk_win_64/winavr/bin/../lib/gcc/avr/4.3.3/avr5\libgcc.a(_sf_to_si.o)
 .debug_frame   0x00000120       0x20 f:/my diploma/01- embedded systems avr tools/01- imt sdk/imt_sdk_win_64/winavr/bin/../lib/gcc/avr/4.3.3/avr5\libgcc.a(_usi_to_sf.o)
 .debug_frame   0x00000140       0x20 f:/my diploma/01- embedded systems avr tools/01- imt sdk/imt_sdk_win_64/winavr/bin/../lib/gcc/avr/4.3.3/avr5\libgcc.a(_clzsi2.o)
 .debug_frame   0x00000160       0x20 f:/my diploma/01- embedded systems avr tools/01- imt sdk/imt_sdk_win_64/winavr/bin/../lib/gcc/avr/4.3.3/avr5\libgcc.a(_pack_sf.o)
 .debug_frame   0x00000180       0x20 f:/my diploma/01- embedded systems avr tools/01- imt sdk/imt_sdk_win_64/winavr/bin/../lib/gcc/avr/4.3.3/avr5\libgcc.a(_unpack_sf.o)
 .debug_frame   0x000001a0       0x20 f:/my diploma/01- embedded systems avr tools/01- imt sdk/imt_sdk_win_64/winavr/bin/../lib/gcc/avr/4.3.3/avr5\libgcc.a(_fpcmp_parts_sf.o)

.debug_str      0x00000000      0x2f6
 *(.debug_str)
 .debug_str     0x00000000       0xbf f:/my diploma/01- embedded systems avr tools/01- imt sdk/imt_sdk_win_64/winavr/bin/../lib/gcc/avr/4.3.3/avr5\libgcc.a(_fixunssfsi.o)
                                 0xfe (size before relaxing)
 .debug_str     0x000000bf      0x14d f:/my diploma/01- embedded systems avr tools/01- imt sdk/imt_sdk_win_64/winavr/bin/../lib/gcc/avr/4.3.3/avr5\libgcc.a(_addsub_sf.o)
                                0x206 (size before relaxing)
 .debug_str     0x0000020c       0x27 f:/my diploma/01- embedded systems avr tools/01- imt sdk/imt_sdk_win_64/winavr/bin/../lib/gcc/avr/4.3.3/avr5\libgcc.a(_mul_sf.o)
                                0x1bf (size before relaxing)
 .debug_str     0x00000233       0x35 f:/my diploma/01- embedded systems avr tools/01- imt sdk/imt_sdk_win_64/winavr/bin/../lib/gcc/avr/4.3.3/avr5\libgcc.a(_div_sf.o)
                                0x1c8 (size before relaxing)
 .debug_str     0x00000268        0x8 f:/my diploma/01- embedded systems avr tools/01- imt sdk/imt_sdk_win_64/winavr/bin/../lib/gcc/avr/4.3.3/avr5\libgcc.a(_gt_sf.o)
                                0x195 (size before relaxing)
 .debug_str     0x00000270        0x8 f:/my diploma/01- embedded systems avr tools/01- imt sdk/imt_sdk_win_64/winavr/bin/../lib/gcc/avr/4.3.3/avr5\libgcc.a(_ge_sf.o)
                                0x195 (size before relaxing)
 .debug_str     0x00000278        0x8 f:/my diploma/01- embedded systems avr tools/01- imt sdk/imt_sdk_win_64/winavr/bin/../lib/gcc/avr/4.3.3/avr5\libgcc.a(_lt_sf.o)
                                0x195 (size before relaxing)
 .debug_str     0x00000280        0xa f:/my diploma/01- embedded systems avr tools/01- imt sdk/imt_sdk_win_64/winavr/bin/../lib/gcc/avr/4.3.3/avr5\libgcc.a(_sf_to_si.o)
                                0x19e (size before relaxing)
 .debug_str     0x00000000      0x103 f:/my diploma/01- embedded systems avr tools/01- imt sdk/imt_sdk_win_64/winavr/bin/../lib/gcc/avr/4.3.3/avr5\libgcc.a(_thenan_sf.o)
 .debug_str     0x0000028a       0x21 f:/my diploma/01- embedded systems avr tools/01- imt sdk/imt_sdk_win_64/winavr/bin/../lib/gcc/avr/4.3.3/avr5\libgcc.a(_usi_to_sf.o)
                                0x177 (size before relaxing)
 .debug_str     0x000002ab       0x20 f:/my diploma/01- embedded systems avr tools/01- imt sdk/imt_sdk_win_64/winavr/bin/../lib/gcc/avr/4.3.3/avr5\libgcc.a(_clzsi2.o)
                                0x111 (size before relaxing)
 .debug_str     0x000002cb       0x10 f:/my diploma/01- embedded systems avr tools/01- imt sdk/imt_sdk_win_64/winavr/bin/../lib/gcc/avr/4.3.3/avr5\libgcc.a(_pack_sf.o)
                                0x19d (size before relaxing)
 .debug_str     0x000002db        0xb f:/my diploma/01- embedded systems avr tools/01- imt sdk/imt_sdk_win_64/winavr/bin/../lib/gcc/avr/4.3.3/avr5\libgcc.a(_unpack_sf.o)
                                0x17f (size before relaxing)
 .debug_str     0x000002e6       0x10 f:/my diploma/01- embedded systems avr tools/01- imt sdk/imt_sdk_win_64/winavr/bin/../lib/gcc/avr/4.3.3/avr5\libgcc.a(_fpcmp_parts_sf.o)
                                0x163 (size before relaxing)
 .debug_str     0x00000000       0xf4 f:/my diploma/01- embedded systems avr tools/01- imt sdk/imt_sdk_win_64/winavr/bin/../lib/gcc/avr/4.3.3/avr5\libgcc.a(_clz.o)

.debug_loc      0x00000000      0x96e
 *(.debug_loc)
 .debug_loc     0x00000000       0x34 f:/my diploma/01- embedded systems avr tools/01- imt sdk/imt_sdk_win_64/winavr/bin/../lib/gcc/avr/4.3.3/avr5\libgcc.a(_fixunssfsi.o)
 .debug_loc     0x00000034      0x32a f:/my diploma/01- embedded systems avr tools/01- imt sdk/imt_sdk_win_64/winavr/bin/../lib/gcc/avr/4.3.3/avr5\libgcc.a(_addsub_sf.o)
 .debug_loc     0x0000035e      0x104 f:/my diploma/01- embedded systems avr tools/01- imt sdk/imt_sdk_win_64/winavr/bin/../lib/gcc/avr/4.3.3/avr5\libgcc.a(_mul_sf.o)
 .debug_loc     0x00000462       0xc0 f:/my diploma/01- embedded systems avr tools/01- imt sdk/imt_sdk_win_64/winavr/bin/../lib/gcc/avr/4.3.3/avr5\libgcc.a(_div_sf.o)
 .debug_loc     0x00000522       0x3c f:/my diploma/01- embedded systems avr tools/01- imt sdk/imt_sdk_win_64/winavr/bin/../lib/gcc/avr/4.3.3/avr5\libgcc.a(_gt_sf.o)
 .debug_loc     0x0000055e       0x3c f:/my diploma/01- embedded systems avr tools/01- imt sdk/imt_sdk_win_64/winavr/bin/../lib/gcc/avr/4.3.3/avr5\libgcc.a(_ge_sf.o)
 .debug_loc     0x0000059a       0x3c f:/my diploma/01- embedded systems avr tools/01- imt sdk/imt_sdk_win_64/winavr/bin/../lib/gcc/avr/4.3.3/avr5\libgcc.a(_lt_sf.o)
 .debug_loc     0x000005d6       0x7e f:/my diploma/01- embedded systems avr tools/01- imt sdk/imt_sdk_win_64/winavr/bin/../lib/gcc/avr/4.3.3/avr5\libgcc.a(_sf_to_si.o)
 .debug_loc     0x00000654       0x4c f:/my diploma/01- embedded systems avr tools/01- imt sdk/imt_sdk_win_64/winavr/bin/../lib/gcc/avr/4.3.3/avr5\libgcc.a(_usi_to_sf.o)
 .debug_loc     0x000006a0       0x94 f:/my diploma/01- embedded systems avr tools/01- imt sdk/imt_sdk_win_64/winavr/bin/../lib/gcc/avr/4.3.3/avr5\libgcc.a(_clzsi2.o)
 .debug_loc     0x00000734      0x13e f:/my diploma/01- embedded systems avr tools/01- imt sdk/imt_sdk_win_64/winavr/bin/../lib/gcc/avr/4.3.3/avr5\libgcc.a(_pack_sf.o)
 .debug_loc     0x00000872       0xac f:/my diploma/01- embedded systems avr tools/01- imt sdk/imt_sdk_win_64/winavr/bin/../lib/gcc/avr/4.3.3/avr5\libgcc.a(_unpack_sf.o)
 .debug_loc     0x0000091e       0x50 f:/my diploma/01- embedded systems avr tools/01- imt sdk/imt_sdk_win_64/winavr/bin/../lib/gcc/avr/4.3.3/avr5\libgcc.a(_fpcmp_parts_sf.o)

.debug_macinfo
 *(.debug_macinfo)
OUTPUT(COMPETETION.elf elf32-avr)
LOAD linker stubs

.debug_ranges   0x00000000       0x50
 .debug_ranges  0x00000000       0x50 f:/my diploma/01- embedded systems avr tools/01- imt sdk/imt_sdk_win_64/winavr/bin/../lib/gcc/avr/4.3.3/avr5\libgcc.a(_mul_sf.o)
